[Generator[2] gen_take] STARTING
[Generator[1] gen_filter] STARTING
[Generator[0] gen_fibs] STARTING
[Generator[0] gen_fibs] YIELD
[Generator[0] gen_fibs] YIELD
[Generator[1] gen_filter] YIELD
[Generator[2] gen_take] YIELD
[Main] value: 1
[Generator[0] gen_fibs] YIELD
[Generator[1] gen_filter] YIELD
[Generator[2] gen_take] YIELD
[Main] value: 1
[Generator[0] gen_fibs] YIELD
[Generator[0] gen_fibs] YIELD
[Generator[1] gen_filter] YIELD
[Generator[2] gen_take] YIELD
[Main] value: 3
[Generator[0] gen_fibs] YIELD
[Generator[1] gen_filter] YIELD
[Generator[2] gen_take] YIELD
[Main] value: 5
[Generator[0] gen_fibs] YIELD
[Generator[0] gen_fibs] YIELD
[Generator[1] gen_filter] YIELD
[Generator[2] gen_take] YIELD
[Main] value: 13
[Generator[0] gen_fibs] YIELD
[Generator[1] gen_filter] YIELD
[Generator[2] gen_take] YIELD
[Main] value: 21
[Generator[0] gen_fibs] YIELD
[Generator[0] gen_fibs] YIELD
[Generator[1] gen_filter] YIELD
[Generator[2] gen_take] YIELD
[Main] value: 55
[Generator[0] gen_fibs] YIELD
[Generator[1] gen_filter] YIELD
[Generator[2] gen_take] YIELD
[Main] value: 89
[Generator[0] gen_fibs] YIELD
[Generator[0] gen_fibs] YIELD
[Generator[1] gen_filter] YIELD
[Generator[2] gen_take] YIELD
[Main] value: 233
[Generator[0] gen_fibs] YIELD
[Generator[1] gen_filter] YIELD
[Generator[2] gen_take] YIELD
[Main] value: 377
[Generator[0] gen_fibs] YIELD
[Generator[0] gen_fibs] YIELD
[Generator[1] gen_filter] YIELD
[Generator[2] gen_take] YIELD
[Main] value: 987
[Generator[0] gen_fibs] YIELD
[Generator[1] gen_filter] YIELD
[Generator[2] gen_take] YIELD
[Main] value: 1597
[Generator[0] gen_fibs] YIELD
[Generator[0] gen_fibs] YIELD
[Generator[1] gen_filter] YIELD
[Generator[2] gen_take] YIELD
[Main] value: 4181
[Generator[0] gen_fibs] YIELD
[Generator[1] gen_filter] YIELD
[Generator[2] gen_take] YIELD
[Main] value: 6765
[Generator[0] gen_fibs] YIELD
[Generator[0] gen_fibs] YIELD
[Generator[1] gen_filter] YIELD
[Generator[2] gen_take] YIELD
[Main] value: 17711
[Generator[0] gen_fibs] YIELD
[Generator[1] gen_filter] YIELD
[Generator[2] gen_take] YIELD
[Main] value: 28657
[Generator[0] gen_fibs] YIELD
[Generator[0] gen_fibs] YIELD
[Generator[1] gen_filter] YIELD
[Generator[2] gen_take] YIELD
[Main] value: 75025
[Generator[0] gen_fibs] YIELD
[Generator[1] gen_filter] YIELD
[Generator[2] gen_take] YIELD
[Main] value: 121393
[Generator[0] gen_fibs] YIELD
[Generator[0] gen_fibs] YIELD
[Generator[1] gen_filter] YIELD
[Generator[2] gen_take] YIELD
[Main] value: 317811
[Generator[0] gen_fibs] YIELD
[Generator[1] gen_filter] YIELD
[Generator[2] gen_take] YIELD
[Main] value: 514229
[Generator[0] gen_fibs] FINISH
[Generator[1] gen_filter] FINISH
[Generator[2] gen_take] FINISH
